============================= test session starts =============================
platform win32 -- Python 3.12.10, pytest-9.0.2, pluggy-1.6.0 -- C:\Users\INEWTON\AppData\Local\Programs\Python\Python312\python.exe
cachedir: .pytest_cache
rootdir: C:\Users\INEWTON\KADWDC\backend
configfile: pytest.ini
plugins: anyio-4.12.1, cov-7.0.0
collecting ... collected 4 items

backend\tests\test_offline_sync.py::TestOfflineSync::test_submission_saves_id ERROR [ 25%]
backend\tests\test_offline_sync.py::TestOfflineSync::test_idempotent_retry PASSED [ 50%]
backend\tests\test_offline_sync.py::TestOfflineSync::test_conflict_different_ids FAILED [ 75%]
backend\tests\test_offline_sync.py::TestOfflineSync::test_legacy_backfill ERROR [100%]

=================================== ERRORS ====================================
_________ ERROR at setup of TestOfflineSync.test_submission_saves_id __________
file C:\Users\INEWTON\KADWDC\backend\tests\test_offline_sync.py, line 29
      def test_submission_saves_id(self, client, wdc_headers, db_session):
E       fixture 'db_session' not found
>       available fixtures: _mock_report_month_validation, anyio_backend, anyio_backend_name, anyio_backend_options, auth_headers, cache, capfd, capfdbinary, caplog, capsys, capsysbinary, capteesys, client, cov, db, doctest_namespace, free_tcp_port, free_tcp_port_factory, free_udp_port, free_udp_port_factory, lga_headers, monkeypatch, no_cover, pytestconfig, record_property, record_testsuite_property, record_xml_attribute, recwarn, sample_report_data, seeded_db, state_headers, subtests, test_password, tmp_path, tmp_path_factory, tmpdir, tmpdir_factory, wdc2_headers, wdc_headers
>       use 'pytest --fixtures [testpath]' for help on them.

C:\Users\INEWTON\KADWDC\backend\tests\test_offline_sync.py:29
___________ ERROR at setup of TestOfflineSync.test_legacy_backfill ____________
file C:\Users\INEWTON\KADWDC\backend\tests\test_offline_sync.py, line 73
      def test_legacy_backfill(self, client, wdc_headers, db_session):
E       fixture 'db_session' not found
>       available fixtures: _mock_report_month_validation, anyio_backend, anyio_backend_name, anyio_backend_options, auth_headers, cache, capfd, capfdbinary, caplog, capsys, capsysbinary, capteesys, client, cov, db, doctest_namespace, free_tcp_port, free_tcp_port_factory, free_udp_port, free_udp_port_factory, lga_headers, monkeypatch, no_cover, pytestconfig, record_property, record_testsuite_property, record_xml_attribute, recwarn, sample_report_data, seeded_db, state_headers, subtests, test_password, tmp_path, tmp_path_factory, tmpdir, tmpdir_factory, wdc2_headers, wdc_headers
>       use 'pytest --fixtures [testpath]' for help on them.

C:\Users\INEWTON\KADWDC\backend\tests\test_offline_sync.py:73
================================== FAILURES ===================================
_________________ TestOfflineSync.test_conflict_different_ids _________________

self = <tests.test_offline_sync.TestOfflineSync object at 0x00000267BE121820>
client = <starlette.testclient.TestClient object at 0x00000267BE3E5490>
wdc_headers = {'Authorization': 'Bearer eyJhbGciOiJIUzI1NiIsInR5cCI6IkpXVCJ9.eyJ1c2VyX2lkIjozLCJlbWFpbCI6IndkY0B0ZXN0LmNvbSIsInJvbGUiOiJXRENfU0VDUkVUQVJZIiwiZXhwIjoxNzcwMzY2OTE1fQ.84odxQAWbBlU8hDb-Qi8o5KI8C0vB2Q2X99SRUqqQhc'}

    def test_conflict_different_ids(self, client, wdc_headers):
        """Test that submitting different IDs for same month causes conflict"""
        # First submission
        r1 = self._submit_with_id(client, wdc_headers, "uuid-1")
        assert r1.status_code == 201
    
        # Second submission, different ID (implies different attempt/form)
        r2 = self._submit_with_id(client, wdc_headers, "uuid-2")
        assert r2.status_code == 409
>       assert "already submitted" in r2.json()["detail"]["message"]
E       AssertionError: assert 'already submitted' in 'A report for 2026-01 has already been submitted for this ward'

backend\tests\test_offline_sync.py:71: AssertionError
============================== warnings summary ===============================
backend\app\database.py:19
  C:\Users\INEWTON\KADWDC\backend\app\database.py:19: MovedIn20Warning: The ``declarative_base()`` function is now available as sqlalchemy.orm.declarative_base(). (deprecated since: 2.0) (Background on SQLAlchemy 2.0 at: https://sqlalche.me/e/b8d9)
    Base = declarative_base()

backend\app\schemas.py:65
  C:\Users\INEWTON\KADWDC\backend\app\schemas.py:65: PydanticDeprecatedSince20: Support for class-based `config` is deprecated, use ConfigDict instead. Deprecated in Pydantic V2.0 to be removed in V3.0. See Pydantic V2 Migration Guide at https://errors.pydantic.dev/2.12/migration/
    class LGAResponse(LGABase):

backend\app\schemas.py:73
  C:\Users\INEWTON\KADWDC\backend\app\schemas.py:73: PydanticDeprecatedSince20: Support for class-based `config` is deprecated, use ConfigDict instead. Deprecated in Pydantic V2.0 to be removed in V3.0. See Pydantic V2 Migration Guide at https://errors.pydantic.dev/2.12/migration/
    class LGASimple(BaseModel):

backend\app\schemas.py:93
  C:\Users\INEWTON\KADWDC\backend\app\schemas.py:93: PydanticDeprecatedSince20: Support for class-based `config` is deprecated, use ConfigDict instead. Deprecated in Pydantic V2.0 to be removed in V3.0. See Pydantic V2 Migration Guide at https://errors.pydantic.dev/2.12/migration/
    class WardResponse(WardBase):

backend\app\schemas.py:103
  C:\Users\INEWTON\KADWDC\backend\app\schemas.py:103: PydanticDeprecatedSince20: Support for class-based `config` is deprecated, use ConfigDict instead. Deprecated in Pydantic V2.0 to be removed in V3.0. See Pydantic V2 Migration Guide at https://errors.pydantic.dev/2.12/migration/
    class WardSimple(BaseModel):

backend\app\schemas.py:128
  C:\Users\INEWTON\KADWDC\backend\app\schemas.py:128: PydanticDeprecatedSince20: Support for class-based `config` is deprecated, use ConfigDict instead. Deprecated in Pydantic V2.0 to be removed in V3.0. See Pydantic V2 Migration Guide at https://errors.pydantic.dev/2.12/migration/
    class UserResponse(UserBase):

backend\app\schemas.py:140
  C:\Users\INEWTON\KADWDC\backend\app\schemas.py:140: PydanticDeprecatedSince20: Support for class-based `config` is deprecated, use ConfigDict instead. Deprecated in Pydantic V2.0 to be removed in V3.0. See Pydantic V2 Migration Guide at https://errors.pydantic.dev/2.12/migration/
    class UserSimple(BaseModel):

backend\app\schemas.py:176
  C:\Users\INEWTON\KADWDC\backend\app\schemas.py:176: PydanticDeprecatedSince20: Support for class-based `config` is deprecated, use ConfigDict instead. Deprecated in Pydantic V2.0 to be removed in V3.0. See Pydantic V2 Migration Guide at https://errors.pydantic.dev/2.12/migration/
    class VoiceNoteResponse(VoiceNoteBase):

backend\app\schemas.py:187
  C:\Users\INEWTON\KADWDC\backend\app\schemas.py:187: PydanticDeprecatedSince20: Support for class-based `config` is deprecated, use ConfigDict instead. Deprecated in Pydantic V2.0 to be removed in V3.0. See Pydantic V2 Migration Guide at https://errors.pydantic.dev/2.12/migration/
    class VoiceNoteSimple(BaseModel):

backend\app\schemas.py:356
  C:\Users\INEWTON\KADWDC\backend\app\schemas.py:356: PydanticDeprecatedSince20: Pydantic V1 style `@validator` validators are deprecated. You should migrate to Pydantic V2 style `@field_validator` validators, see the migration guide for more details. Deprecated in Pydantic V2.0 to be removed in V3.0. See Pydantic V2 Migration Guide at https://errors.pydantic.dev/2.12/migration/
    @validator('attendance_total')

backend\app\schemas.py:366
  C:\Users\INEWTON\KADWDC\backend\app\schemas.py:366: PydanticDeprecatedSince20: Pydantic V1 style `@validator` validators are deprecated. You should migrate to Pydantic V2 style `@field_validator` validators, see the migration guide for more details. Deprecated in Pydantic V2.0 to be removed in V3.0. See Pydantic V2 Migration Guide at https://errors.pydantic.dev/2.12/migration/
    @validator('health_hepb_positive')

backend\app\schemas.py:375
  C:\Users\INEWTON\KADWDC\backend\app\schemas.py:375: PydanticDeprecatedSince20: Pydantic V1 style `@validator` validators are deprecated. You should migrate to Pydantic V2 style `@field_validator` validators, see the migration guide for more details. Deprecated in Pydantic V2.0 to be removed in V3.0. See Pydantic V2 Migration Guide at https://errors.pydantic.dev/2.12/migration/
    @validator('next_meeting_date')

backend\app\schemas.py:390
  C:\Users\INEWTON\KADWDC\backend\app\schemas.py:390: PydanticDeprecatedSince20: Pydantic V1 style `@validator` validators are deprecated. You should migrate to Pydantic V2 style `@field_validator` validators, see the migration guide for more details. Deprecated in Pydantic V2.0 to be removed in V3.0. See Pydantic V2 Migration Guide at https://errors.pydantic.dev/2.12/migration/
    @validator('action_tracker')

backend\app\schemas.py:397
  C:\Users\INEWTON\KADWDC\backend\app\schemas.py:397: PydanticDeprecatedSince20: Pydantic V1 style `@validator` validators are deprecated. You should migrate to Pydantic V2 style `@field_validator` validators, see the migration guide for more details. Deprecated in Pydantic V2.0 to be removed in V3.0. See Pydantic V2 Migration Guide at https://errors.pydantic.dev/2.12/migration/
    @validator('vdc_reports')

backend\app\schemas.py:404
  C:\Users\INEWTON\KADWDC\backend\app\schemas.py:404: PydanticDeprecatedSince20: Pydantic V1 style `@validator` validators are deprecated. You should migrate to Pydantic V2 style `@field_validator` validators, see the migration guide for more details. Deprecated in Pydantic V2.0 to be removed in V3.0. See Pydantic V2 Migration Guide at https://errors.pydantic.dev/2.12/migration/
    @validator('action_plan')

backend\app\schemas.py:411
  C:\Users\INEWTON\KADWDC\backend\app\schemas.py:411: PydanticDeprecatedSince20: Pydantic V1 style `@validator` validators are deprecated. You should migrate to Pydantic V2 style `@field_validator` validators, see the migration guide for more details. Deprecated in Pydantic V2.0 to be removed in V3.0. See Pydantic V2 Migration Guide at https://errors.pydantic.dev/2.12/migration/
    @validator('community_feedback')

backend\app\schemas.py:449
  C:\Users\INEWTON\KADWDC\backend\app\schemas.py:449: PydanticDeprecatedSince20: Pydantic V1 style `@validator` validators are deprecated. You should migrate to Pydantic V2 style `@field_validator` validators, see the migration guide for more details. Deprecated in Pydantic V2.0 to be removed in V3.0. See Pydantic V2 Migration Guide at https://errors.pydantic.dev/2.12/migration/
    @validator('action_tracker', 'community_feedback', 'vdc_reports', 'action_plan', pre=True)

backend\app\schemas.py:433
  C:\Users\INEWTON\KADWDC\backend\app\schemas.py:433: PydanticDeprecatedSince20: Support for class-based `config` is deprecated, use ConfigDict instead. Deprecated in Pydantic V2.0 to be removed in V3.0. See Pydantic V2 Migration Guide at https://errors.pydantic.dev/2.12/migration/
    class ReportResponse(ReportBase):

backend\app\schemas.py:463
  C:\Users\INEWTON\KADWDC\backend\app\schemas.py:463: PydanticDeprecatedSince20: Support for class-based `config` is deprecated, use ConfigDict instead. Deprecated in Pydantic V2.0 to be removed in V3.0. See Pydantic V2 Migration Guide at https://errors.pydantic.dev/2.12/migration/
    class ReportListItem(BaseModel):

backend\app\schemas.py:510
  C:\Users\INEWTON\KADWDC\backend\app\schemas.py:510: PydanticDeprecatedSince20: Support for class-based `config` is deprecated, use ConfigDict instead. Deprecated in Pydantic V2.0 to be removed in V3.0. See Pydantic V2 Migration Guide at https://errors.pydantic.dev/2.12/migration/
    class NotificationResponse(NotificationBase):

backend\app\schemas.py:534
  C:\Users\INEWTON\KADWDC\backend\app\schemas.py:534: PydanticDeprecatedSince20: Support for class-based `config` is deprecated, use ConfigDict instead. Deprecated in Pydantic V2.0 to be removed in V3.0. See Pydantic V2 Migration Guide at https://errors.pydantic.dev/2.12/migration/
    class FeedbackResponse(FeedbackBase):

backend\app\schemas.py:569
  C:\Users\INEWTON\KADWDC\backend\app\schemas.py:569: PydanticDeprecatedSince20: Support for class-based `config` is deprecated, use ConfigDict instead. Deprecated in Pydantic V2.0 to be removed in V3.0. See Pydantic V2 Migration Guide at https://errors.pydantic.dev/2.12/migration/
    class InvestigationNoteResponse(InvestigationNoteBase):

backend\app\schemas.py:701
  C:\Users\INEWTON\KADWDC\backend\app\schemas.py:701: PydanticDeprecatedSince20: Support for class-based `config` is deprecated, use ConfigDict instead. Deprecated in Pydantic V2.0 to be removed in V3.0. See Pydantic V2 Migration Guide at https://errors.pydantic.dev/2.12/migration/
    class FormDefinitionResponse(BaseModel):

backend\app\schemas.py:717
  C:\Users\INEWTON\KADWDC\backend\app\schemas.py:717: PydanticDeprecatedSince20: Support for class-based `config` is deprecated, use ConfigDict instead. Deprecated in Pydantic V2.0 to be removed in V3.0. See Pydantic V2 Migration Guide at https://errors.pydantic.dev/2.12/migration/
    class FormDefinitionListItem(BaseModel):

backend\app\schemas.py:759
  C:\Users\INEWTON\KADWDC\backend\app\schemas.py:759: PydanticDeprecatedSince20: Pydantic V1 style `@validator` validators are deprecated. You should migrate to Pydantic V2 style `@field_validator` validators, see the migration guide for more details. Deprecated in Pydantic V2.0 to be removed in V3.0. See Pydantic V2 Migration Guide at https://errors.pydantic.dev/2.12/migration/
    @validator('phone')

backend\app\schemas.py:772
  C:\Users\INEWTON\KADWDC\backend\app\schemas.py:772: PydanticDeprecatedSince20: Pydantic V1 style `@validator` validators are deprecated. You should migrate to Pydantic V2 style `@field_validator` validators, see the migration guide for more details. Deprecated in Pydantic V2.0 to be removed in V3.0. See Pydantic V2 Migration Guide at https://errors.pydantic.dev/2.12/migration/
    @validator('email')

backend\app\schemas.py:785
  C:\Users\INEWTON\KADWDC\backend\app\schemas.py:785: PydanticDeprecatedSince20: Pydantic V1 style `@validator` validators are deprecated. You should migrate to Pydantic V2 style `@field_validator` validators, see the migration guide for more details. Deprecated in Pydantic V2.0 to be removed in V3.0. See Pydantic V2 Migration Guide at https://errors.pydantic.dev/2.12/migration/
    @validator('new_password')

tests/test_offline_sync.py::TestOfflineSync::test_submission_saves_id
tests/test_offline_sync.py::TestOfflineSync::test_idempotent_retry
tests/test_offline_sync.py::TestOfflineSync::test_conflict_different_ids
tests/test_offline_sync.py::TestOfflineSync::test_legacy_backfill
  C:\Users\INEWTON\KADWDC\backend\app\routers\auth.py:43: DeprecationWarning: datetime.datetime.utcnow() is deprecated and scheduled for removal in a future version. Use timezone-aware objects to represent datetimes in UTC: datetime.datetime.now(datetime.UTC).
    user.last_login = datetime.utcnow()

tests/test_offline_sync.py::TestOfflineSync::test_submission_saves_id
tests/test_offline_sync.py::TestOfflineSync::test_idempotent_retry
tests/test_offline_sync.py::TestOfflineSync::test_conflict_different_ids
tests/test_offline_sync.py::TestOfflineSync::test_legacy_backfill
  C:\Users\INEWTON\KADWDC\backend\app\auth.py:31: DeprecationWarning: datetime.datetime.utcnow() is deprecated and scheduled for removal in a future version. Use timezone-aware objects to represent datetimes in UTC: datetime.datetime.now(datetime.UTC).
    expire = datetime.utcnow() + timedelta(minutes=ACCESS_TOKEN_EXPIRE_MINUTES)

tests/test_offline_sync.py::TestOfflineSync::test_submission_saves_id
tests/test_offline_sync.py::TestOfflineSync::test_idempotent_retry
tests/test_offline_sync.py::TestOfflineSync::test_conflict_different_ids
tests/test_offline_sync.py::TestOfflineSync::test_legacy_backfill
  C:\Users\INEWTON\KADWDC\backend\app\routers\auth.py:56: PydanticDeprecatedSince20: The `from_orm` method is deprecated; set `model_config['from_attributes']=True` and use `model_validate` instead. Deprecated in Pydantic V2.0 to be removed in V3.0. See Pydantic V2 Migration Guide at https://errors.pydantic.dev/2.12/migration/
    user_data = UserResponse.from_orm(user)

tests/test_offline_sync.py::TestOfflineSync::test_idempotent_retry
tests/test_offline_sync.py::TestOfflineSync::test_idempotent_retry
tests/test_offline_sync.py::TestOfflineSync::test_conflict_different_ids
tests/test_offline_sync.py::TestOfflineSync::test_conflict_different_ids
  C:\Users\INEWTON\AppData\Local\Programs\Python\Python312\Lib\site-packages\jose\jwt.py:311: DeprecationWarning: datetime.datetime.utcnow() is deprecated and scheduled for removal in a future version. Use timezone-aware objects to represent datetimes in UTC: datetime.datetime.now(datetime.UTC).
    now = timegm(datetime.utcnow().utctimetuple())

tests/test_offline_sync.py::TestOfflineSync::test_idempotent_retry
tests/test_offline_sync.py::TestOfflineSync::test_conflict_different_ids
  C:\Users\INEWTON\KADWDC\backend\app\routers\reports.py:457: PydanticDeprecatedSince20: The `from_orm` method is deprecated; set `model_config['from_attributes']=True` and use `model_validate` instead. Deprecated in Pydantic V2.0 to be removed in V3.0. See Pydantic V2 Migration Guide at https://errors.pydantic.dev/2.12/migration/
    response = ReportResponse.from_orm(new_report)

-- Docs: https://docs.pytest.org/en/stable/how-to/capture-warnings.html
=========================== short test summary info ===========================
FAILED backend\tests\test_offline_sync.py::TestOfflineSync::test_conflict_different_ids - AssertionError: assert 'already submitted' in 'A report for 2026-01 has already been submitted for this ward'
ERROR backend\tests\test_offline_sync.py::TestOfflineSync::test_submission_saves_id
ERROR backend\tests\test_offline_sync.py::TestOfflineSync::test_legacy_backfill
============= 1 failed, 1 passed, 45 warnings, 2 errors in 2.17s ==============
